
# ============================================================================
# 鳳凰之心 - 除錯日誌
# 執行時間: 2025-08-04 12:22:40
# ============================================================================
[2025-08-04 12:22:40] 🚀 指揮中心啟動 (進階除錯模式)...
[2025-08-04 12:22:40] ▶️ [階段 1/3] 準備專案環境...
[2025-08-04 12:22:40] 🗑️ 正在刪除舊資料夾: /app/WEB1
[2025-08-04 12:22:40] ✅ 舊資料夾已刪除。
[2025-08-04 12:22:40] ⏳ 正在從 Github 下載程式碼至 /app/WEB1...
[2025-08-04 12:22:40] ▶️ 執行指令: git clone --branch 0.6.2 --depth 1 https://github.com/hsp1234-web/WEB_0802.git /app/WEB1
[2025-08-04 12:22:40] ▶️ 工作目錄: /app
Cloning into '/app/WEB1'...
[2025-08-04 12:22:41] ✅ 指令成功完成: git clone --branch 0.6.2 --depth 1 https://github.com/hsp1234-web/WEB_0802.git /app/WEB1
[2025-08-04 12:22:41] ✅ 程式碼下載成功。
[2025-08-04 12:22:41] ⏳ 正在使用 'uv venv' 建立虛擬環境於 /app/WEB1/.venv...
[2025-08-04 12:22:41] ▶️ 執行指令: uv venv /app/WEB1/.venv
[2025-08-04 12:22:41] ▶️ 工作目錄: /app
Using Python 3.12.11 interpreter at: /home/jules/.pyenv/versions/3.12.11/bin/python3
Creating virtualenv at: WEB1/.venv
Activate with: source WEB1/.venv/bin/activate
[2025-08-04 12:22:41] ✅ 指令成功完成: uv venv /app/WEB1/.venv
[2025-08-04 12:22:41] ✅ 虛擬環境建立成功。
[2025-08-04 12:22:41] ⏳ 正在使用 uv pip install 安裝所有依賴...
[2025-08-04 12:22:41] ▶️ 執行指令: uv pip install --python /app/WEB1/.venv/bin/python -r /app/WEB1/requirements/requirements-core.txt
[2025-08-04 12:22:41] ▶️ 工作目錄: /app/WEB1
Resolved 31 packages in 1.67s
Downloaded 12 packages in 166ms
Installed 31 packages in 36ms
 + aiohappyeyeballs==2.6.1
 + aiohttp==3.12.15
 + aiosignal==1.4.0
 + annotated-types==0.7.0
 + anyio==4.10.0
 + attrs==25.3.0
 + click==8.2.1
 + fastapi==0.116.1
 + frozenlist==1.7.0
 + h11==0.16.0
 + httptools==0.6.4
 + idna==3.10
 + multidict==6.6.3
 + propcache==0.3.2
 + psutil==7.0.0
 + pydantic==2.11.7
 + pydantic-core==2.33.2
 + pydantic-settings==2.10.1
 + python-dotenv==1.1.1
 + pytz==2025.2
 + pyyaml==6.0.2
 + sniffio==1.3.1
 + starlette==0.47.2
 + typing-extensions==4.14.1
 + typing-inspection==0.4.1
 + uv==0.1.33
 + uvicorn==0.35.0
 + uvloop==0.21.0
 + watchfiles==1.1.0
 + websockets==12.0
 + yarl==1.20.1
[2025-08-04 12:22:42] ✅ 指令成功完成: uv pip install --python /app/WEB1/.venv/bin/python -r /app/WEB1/requirements/requirements-core.txt
[2025-08-04 12:22:42] ✅ 所有依賴安裝完成。
[2025-08-04 12:22:42] ✅ 環境準備完成。
[2025-08-04 12:22:42] ✅ [階段 1/3] 環境準備成功。
[2025-08-04 12:22:42] ▶️ [階段 2/3] 檢查 Uvicorn 是否能被目標 Python 直譯器找到...
[2025-08-04 12:22:42] ▶️ 執行指令: /app/WEB1/.venv/bin/python -m uvicorn --version
[2025-08-04 12:22:42] ▶️ 工作目錄: /app/WEB1
Running uvicorn 0.35.0 with CPython 3.12.11 on Linux
[2025-08-04 12:22:43] ✅ 指令成功完成: /app/WEB1/.venv/bin/python -m uvicorn --version
[2025-08-04 12:22:43] ✅ Uvicorn 檢查成功。
[2025-08-04 12:22:43] ▶️ [階段 3/3] 嘗試以阻塞模式啟動後端服務...
[2025-08-04 12:22:43] 接下來的輸出將會是 Uvicorn 伺服器的日誌。
[2025-08-04 12:22:43] 如果程式卡住或崩潰，所有輸出都將記錄在日誌檔案中。
[2025-08-04 12:22:43] ▶️ 執行指令: /app/WEB1/.venv/bin/python -m uvicorn src.phoenix_core.main:app --host 0.0.0.0 --port 8088
[2025-08-04 12:22:43] ▶️ 工作目錄: /app/WEB1
INFO:     Started server process [3000]
INFO:     Waiting for application startup.
--- 開始自動探索模組 ---
發現新模組: src.phoenix_core.modules.aicopilot，正在導入...
發現新模組: src.phoenix_core.modules.backtesting，正在導入...
發現新模組: src.phoenix_core.modules.dataprovider，正在導入...
正在註冊路由: /data...
發現新模組: src.phoenix_core.modules.log_streamer，正在導入...
發現新模組: src.phoenix_core.modules.status_api，正在導入...
正在註冊路由: /api/v1/status...
發現新模組: src.phoenix_core.modules.system_actions，正在導入...
發現新模組: src.phoenix_core.modules.system_monitor，正在導入...
正在註冊路由: /monitor...
發現新模組: src.phoenix_core.modules.transcription，正在導入...
發現新路由: 數據提供者 (Data Provider)，正在掛載...
發現新路由: Status，正在掛載...
發現新路由: 系統監控 (System Monitor)，正在掛載...
--- 模組加載流程結束 ---
INFO:     Application startup complete.
INFO:     Uvicorn running on http://0.0.0.0:8088 (Press CTRL+C to quit)
