INFO:     Started server process [6337]
INFO:     Waiting for application startup.
INFO:     資料庫初始化完畢。
INFO:     [HEARTBEAT_THREAD] 心跳任務已啟動。
INFO:     --- 開始自動探索模組 ---
INFO:     [HEARTBEAT_THREAD] Loop 1 - 開始。
INFO:     [HEARTBEAT_THREAD] Loop 1 - 準備寫入: 2025-08-03T16:29:04.641862+00:00
INFO:     發現模組: src.phoenix_core.modules.aicopilot，正在導入...
INFO:     發現模組: src.phoenix_core.modules.backtesting，正在導入...
INFO:     發現模組: src.phoenix_core.modules.dataprovider，正在導入...
INFO:     [HEARTBEAT_THREAD] Loop 1 - 寫入成功。
INFO:     [HEARTBEAT_THREAD] Loop 1 - 準備休眠 2 秒。
INFO:     發現模組: src.phoenix_core.modules.status_api，正在導入...
INFO:     發現模組: src.phoenix_core.modules.system_monitor，正在導入...
INFO:     發現模組: src.phoenix_core.modules.transcription，正在導入...
INFO:     --- 所有模組探索完畢 ---
INFO:     --- 開始掛載已註冊的路由 ---
INFO:     --- 所有路由掛載完畢 ---
INFO:     Application startup complete.
INFO:     Uvicorn running on http://127.0.0.1:8000 (Press CTRL+C to quit)
